// Jest Snapshot v1, https://goo.gl/fbAQLP

exports[`No Versions Screen should match screenshot 1`] = `
Object {
  "asFragment": [Function],
  "baseElement": <body>
    <div
      class="beat-ui-portal"
    />
    <div>
      <div
        class="css-ll51bc"
      >
        <svg
          class="css-1iehrax"
          data-testid="noVersionsLogo"
        >
          no-versions.svg
        </svg>
        <h1
          class="css-1uf66b1"
          data-testid="noVersionsTitle"
        >
          No versions found
        </h1>
        <p
          class="css-1rfud7a"
          data-testid="noVersionsText"
        >
          It seems that this city hasn’t any older versions or geofenced area hasn’t been created yet. Try another city.
        </p>
      </div>
    </div>
  </body>,
  "container": <div>
    <div
      class="css-ll51bc"
    >
      <svg
        class="css-1iehrax"
        data-testid="noVersionsLogo"
      >
        no-versions.svg
      </svg>
      <h1
        class="css-1uf66b1"
        data-testid="noVersionsTitle"
      >
        No versions found
      </h1>
      <p
        class="css-1rfud7a"
        data-testid="noVersionsText"
      >
        It seems that this city hasn’t any older versions or geofenced area hasn’t been created yet. Try another city.
      </p>
    </div>
  </div>,
  "debug": [Function],
  "findAllByAltText": [Function],
  "findAllByDisplayValue": [Function],
  "findAllByLabelText": [Function],
  "findAllByPlaceholderText": [Function],
  "findAllByRole": [Function],
  "findAllByTestId": [Function],
  "findAllByText": [Function],
  "findAllByTitle": [Function],
  "findByAltText": [Function],
  "findByDisplayValue": [Function],
  "findByLabelText": [Function],
  "findByPlaceholderText": [Function],
  "findByRole": [Function],
  "findByTestId": [Function],
  "findByText": [Function],
  "findByTitle": [Function],
  "getAllByAltText": [Function],
  "getAllByDisplayValue": [Function],
  "getAllByLabelText": [Function],
  "getAllByPlaceholderText": [Function],
  "getAllByRole": [Function],
  "getAllByTestId": [Function],
  "getAllByText": [Function],
  "getAllByTitle": [Function],
  "getByAltText": [Function],
  "getByDisplayValue": [Function],
  "getByLabelText": [Function],
  "getByPlaceholderText": [Function],
  "getByRole": [Function],
  "getByTestId": [Function],
  "getByText": [Function],
  "getByTitle": [Function],
  "queryAllByAltText": [Function],
  "queryAllByDisplayValue": [Function],
  "queryAllByLabelText": [Function],
  "queryAllByPlaceholderText": [Function],
  "queryAllByRole": [Function],
  "queryAllByTestId": [Function],
  "queryAllByText": [Function],
  "queryAllByTitle": [Function],
  "queryByAltText": [Function],
  "queryByDisplayValue": [Function],
  "queryByLabelText": [Function],
  "queryByPlaceholderText": [Function],
  "queryByRole": [Function],
  "queryByTestId": [Function],
  "queryByText": [Function],
  "queryByTitle": [Function],
  "rerender": [Function],
  "unmount": [Function],
}
`;
